<div id="sessionExpired" class="modal hide">
    <aside class="modal is-active">
        <h3 class="border-bottom">Session Expired</h3>
        <p class="margin-tb">Please <strong><a href="/testing/auth/login" target="_blank">sign in</a></strong> again first.
        </p>
        <p>A new window will open. Afterwards, return to this window and continue.</p>
        <a href="/testing/auth/login" class="button primary no-unload" target="_blank">Sign in again</a>
    </aside>
</div>