<div class="header grid-content shrink padding-none">
    <div class="header-content menu-group primary">
        <div class="menu-group left">
            <ul class="menu-bar condense">
                <li class="logo">
                    <a href="/testing/home">
                        <img src="/testing/assets/index/img/insite-trinetx-clinical-workbench-logo-white.svg" alt="" style="border: 0;"/>
                    </a>
                </li>
                <li class="is-active">
                    <a href="/testing/app/trialDesign">InSite Studies</a>
                </li>
            </ul>
        </div>
        <div class="menu-group right">
            <ul class="menu-bar condense">
                <li class="user-menu">
                    <a href="#" class="menu-right__trigger">
                        <span>John Doe</span><i class="fa fa-angle-down"></i>
                    </a>
                </li>
                <li class="notifications-menu"><a class="notifications"><i class="fa fa-bell"></i> Notifications</a>
                </li>
            </ul>
        </div>
    </div>
</div>