<div id="user-menu" class="action-sheet-container">
    <div position="bottom" class="user-menu text-left action-sheet bottom">
        <ul>
            <li>
                <a href="/testing/app/about">
                    <i class="fa fa-info-circle"></i><span>About InSite</span>
                </a>
            </li>
            <li>
                <a href="/testing/app/feasibility/studies">
                    <i class="fa fa-th-list"></i><span>Query History</span>
                </a>
            </li>
            <li>
                <a href="/testing/app/members/manage">
                    <i class="fa fa-users"></i><span>Members</span>
                </a>
            </li>
            <li>
                <a href="/testing/app/account">
                    <i class="fa fa-user"></i><span>My Account</span>
                </a>
            </li>
            <li>
                <a href="/testing/app/trialDesign/settings">
                    <i class="fa fa-cog"></i><span>Settings</span>
                </a>
            </li>
            <li>
                <a href="/testing/auth/logout">
                    <i class="fa fa-power-off"></i><span>Log out</span>
                </a>
            </li>
        </ul>
    </div>
</div>